// Vitest Snapshot v1, https://vitest.dev/guide/snapshot.html

exports[`App component > renders the app 1`] = `
<div>
  <div
    class="layout"
  >
    <div
      class="nav"
    >
      <h3>
        Let's Shop!
      </h3>
      <div
        class="nav-options"
      >
        <a
          class="home-button"
          data-discover="true"
          href="/"
        >
          Home
        </a>
        <div>
          <a
            class="home-button"
            data-discover="true"
            href="/shop"
          >
            Shop
          </a>
        </div>
      </div>
    </div>
  </div>
</div>
`;
